 srcscan starts
INFO: analyzing module clock_test_CLOCK_MODULE (VERI-9002)
INFO: analyzing module clock_test_common (VERI-9002)
INFO: analyzing module clock_test_common_reset (VERI-9002)
INFO: analyzing module clock_test_GT_USRCLK_SOURCE (VERI-9002)
INFO: analyzing module clock_test_support (VERI-9002)
INFO: analyzing module dec_8b10b (VERI-9002)
INFO: analyzing module qwn_dbg (VERI-9002)
INFO: analyzing module rx_frame_par (VERI-9002)
C:/Users/Kumar Lab/Desktop/Shannon/clock_test_ex/clock_test_ex.srcs/sources_1/new/rx_frame_par.v(58): ERROR: 'nosym' is not declared (VERI-1128)
C:/Users/Kumar Lab/Desktop/Shannon/clock_test_ex/clock_test_ex.srcs/sources_1/new/rx_frame_par.v(109): ERROR: 'nosym' is not declared (VERI-1128)
C:/Users/Kumar Lab/Desktop/Shannon/clock_test_ex/clock_test_ex.srcs/sources_1/new/rx_frame_par.v(109): ERROR: 'NO_SYM_LIM' is not declared (VERI-1128)
C:/Users/Kumar Lab/Desktop/Shannon/clock_test_ex/clock_test_ex.srcs/sources_1/new/rx_frame_par.v(111): ERROR: 'nosym' is not declared (VERI-1128)
C:/Users/Kumar Lab/Desktop/Shannon/clock_test_ex/clock_test_ex.srcs/sources_1/new/rx_frame_par.v(113): ERROR: 'nosym' is not declared (VERI-1128)
C:/Users/Kumar Lab/Desktop/Shannon/clock_test_ex/clock_test_ex.srcs/sources_1/new/rx_frame_par.v(113): ERROR: 'nosym' is not declared (VERI-1128)
C:/Users/Kumar Lab/Desktop/Shannon/clock_test_ex/clock_test_ex.srcs/sources_1/new/rx_frame_par.v(113): ERROR: 'NO_SYM_DEC' is not declared (VERI-1128)
C:/Users/Kumar Lab/Desktop/Shannon/clock_test_ex/clock_test_ex.srcs/sources_1/new/rx_frame_par.v(113): ERROR: 'nosym' is not declared (VERI-1128)
C:/Users/Kumar Lab/Desktop/Shannon/clock_test_ex/clock_test_ex.srcs/sources_1/new/rx_frame_par.v(113): ERROR: 'NO_SYM_DEC' is not declared (VERI-1128)
C:/Users/Kumar Lab/Desktop/Shannon/clock_test_ex/clock_test_ex.srcs/sources_1/new/rx_frame_par.v(115): ERROR: 'nosym' is not declared (VERI-1128)
C:/Users/Kumar Lab/Desktop/Shannon/clock_test_ex/clock_test_ex.srcs/sources_1/new/rx_frame_par.v(115): ERROR: 'nosym' is not declared (VERI-1128)
INFO: analyzing module rx_gate (VERI-9002)
INFO: analyzing module rx_header (VERI-9002)
INFO: analyzing module rx_oversample_cdr_64 (VERI-9002)
INFO: analyzing module tx_word_stream (VERI-9002)
INFO: analyzing module clock_test_exdes (VERI-9002)
C:/Users/KUMARL~1/AppData/Local/Temp/VivadoEditorAssist17690517456964922674.tmp(940): INFO: undeclared symbol 'qwn_loopback_sel', assumed default net type 'wire' (VERI-2561)
C:/Users/KUMARL~1/AppData/Local/Temp/VivadoEditorAssist17690517456964922674.tmp(1192): INFO: undeclared symbol 'qwn_qplllock', assumed default net type 'wire' (VERI-2561)
C:/Users/KUMARL~1/AppData/Local/Temp/VivadoEditorAssist17690517456964922674.tmp(1650): WARNING: 'qwn_loopback_sel' is already implicitly declared on line 940 (VERI-1362)
C:/Users/KUMARL~1/AppData/Local/Temp/VivadoEditorAssist17690517456964922674.tmp(2006): WARNING: 'qwn_qplllock' is already implicitly declared on line 1192 (VERI-1362)
C:/Users/KUMARL~1/AppData/Local/Temp/VivadoEditorAssist17690517456964922674.tmp(1935): WARNING: identifier 'qwn1_gate' is used before its declaration (VERI-1875)
INFO: analyzing module dark_period_ctrl (VERI-9002)
INFO: analyzing module enc_8b10b (VERI-9002)
INFO: analyzing module qwn_header_rom (VERI-9002)
INFO: analyzing module tx_burst_seq (VERI-9002)
INFO: analyzing module tx_gearbox (VERI-9002)
INFO: analyzing module clock_test_GT_FRAME_CHECK (VERI-9002)
INFO: analyzing module clock_test_GT_FRAME_GEN (VERI-9002)
INFO: analyzing module clock_test_TX_STARTUP_FSM (VERI-9002)
INFO: analyzing module clock_test_RX_STARTUP_FSM (VERI-9002)
INFO: analyzing module clock_test_TX_MANUAL_PHASE_ALIGN (VERI-9002)
INFO: analyzing module clock_test_RX_MANUAL_PHASE_ALIGN (VERI-9002)
INFO: analyzing module clock_test_sync_block (VERI-9002)
INFO: analyzing module clock_test_sync_pulse (VERI-9002)
srcscan exits with return value 0
